
> warmpawz-platform@1.0.0 build
> turbo run build

• turbo 2.7.2
• Packages in scope: @warmpawz/admin-web, @warmpawz/api-client, @warmpawz/config, @warmpawz/customer-web, @warmpawz/types, @warmpawz/ui, @warmpawz/vendor-web
• Running build in 7 packages
• Remote caching disabled
@warmpawz/admin-web:build: cache miss, executing d358ac3513b94531
@warmpawz/customer-web:build: cache miss, executing 8cc664b17e8f5884
@warmpawz/vendor-web:build: cache miss, executing db55c32919f49bf1
@warmpawz/admin-web:build: 
@warmpawz/vendor-web:build: 
@warmpawz/admin-web:build: > @warmpawz/admin-web@0.1.0 build
@warmpawz/admin-web:build: > next build
@warmpawz/admin-web:build: 
@warmpawz/vendor-web:build: > @warmpawz/vendor-web@0.1.0 build
@warmpawz/vendor-web:build: > next build
@warmpawz/vendor-web:build: 
@warmpawz/customer-web:build: 
@warmpawz/customer-web:build: > @warmpawz/customer-web@0.1.0 build
@warmpawz/customer-web:build: > next build
@warmpawz/customer-web:build: 
@warmpawz/vendor-web:build:   ▲ Next.js 14.2.35
@warmpawz/vendor-web:build:   - Environments: .env.local
@warmpawz/vendor-web:build: 
@warmpawz/customer-web:build:   ▲ Next.js 14.2.35
@warmpawz/customer-web:build:   - Environments: .env.local
@warmpawz/customer-web:build: 
@warmpawz/admin-web:build:   ▲ Next.js 14.2.35
@warmpawz/admin-web:build:   - Environments: .env.local
@warmpawz/admin-web:build: 
@warmpawz/vendor-web:build:    Creating an optimized production build ...
@warmpawz/admin-web:build:    Creating an optimized production build ...
@warmpawz/customer-web:build:    Creating an optimized production build ...
@warmpawz/vendor-web:build: Failed to compile.
@warmpawz/vendor-web:build: 
@warmpawz/vendor-web:build: ./app/globals.css.webpack[javascript/auto]!=!../../node_modules/next/dist/build/webpack/loaders/css-loader/src/index.js??ruleSet[1].rules[14].oneOf[12].use[2]!../../node_modules/next/dist/build/webpack/loaders/postcss-loader/src/index.js??ruleSet[1].rules[14].oneOf[12].use[3]!./app/globals.css
@warmpawz/vendor-web:build: Error: It looks like you're trying to use `tailwindcss` directly as a PostCSS plugin. The PostCSS plugin has moved to a separate package, so to continue using Tailwind CSS with PostCSS you'll need to install `@tailwindcss/postcss` and update your PostCSS configuration.
@warmpawz/vendor-web:build:     at lt (/Users/ketan/Documents/warmpawzecodev/node_modules/tailwindcss/dist/lib.js:38:1643)
@warmpawz/vendor-web:build:     at LazyResult.runOnRoot (/Users/ketan/Documents/warmpawzecodev/node_modules/postcss/lib/lazy-result.js:329:16)
@warmpawz/vendor-web:build:     at LazyResult.runAsync (/Users/ketan/Documents/warmpawzecodev/node_modules/postcss/lib/lazy-result.js:258:26)
@warmpawz/vendor-web:build:     at LazyResult.async (/Users/ketan/Documents/warmpawzecodev/node_modules/postcss/lib/lazy-result.js:160:30)
@warmpawz/vendor-web:build:     at LazyResult.then (/Users/ketan/Documents/warmpawzecodev/node_modules/postcss/lib/lazy-result.js:404:17)
@warmpawz/vendor-web:build: 
@warmpawz/vendor-web:build: Import trace for requested module:
@warmpawz/vendor-web:build: ./app/globals.css.webpack[javascript/auto]!=!../../node_modules/next/dist/build/webpack/loaders/css-loader/src/index.js??ruleSet[1].rules[14].oneOf[12].use[2]!../../node_modules/next/dist/build/webpack/loaders/postcss-loader/src/index.js??ruleSet[1].rules[14].oneOf[12].use[3]!./app/globals.css
@warmpawz/vendor-web:build: ./app/globals.css
@warmpawz/vendor-web:build: ./app/layout.tsx
@warmpawz/vendor-web:build: 
@warmpawz/vendor-web:build: ./app/globals.css
@warmpawz/vendor-web:build: Error: Cannot find module 'tailwindcss'
@warmpawz/vendor-web:build: Require stack:
@warmpawz/vendor-web:build: - /Users/ketan/Documents/warmpawzecodev/node_modules/next/dist/build/webpack/config/blocks/css/plugins.js
@warmpawz/vendor-web:build: - /Users/ketan/Documents/warmpawzecodev/node_modules/next/dist/build/webpack/config/blocks/css/index.js
@warmpawz/vendor-web:build: - /Users/ketan/Documents/warmpawzecodev/node_modules/next/dist/build/webpack/config/index.js
@warmpawz/vendor-web:build: - /Users/ketan/Documents/warmpawzecodev/node_modules/next/dist/build/webpack-config.js
@warmpawz/vendor-web:build: - /Users/ketan/Documents/warmpawzecodev/node_modules/next/dist/build/webpack-build/impl.js
@warmpawz/vendor-web:build: - /Users/ketan/Documents/warmpawzecodev/node_modules/next/dist/compiled/jest-worker/processChild.js
@warmpawz/vendor-web:build:     at Module.<anonymous> (node:internal/modules/cjs/loader:1420:15)
@warmpawz/vendor-web:build:     at /Users/ketan/Documents/warmpawzecodev/node_modules/next/dist/server/require-hook.js:55:36
@warmpawz/vendor-web:build:     at require.resolve (node:internal/modules/helpers:163:19)
@warmpawz/vendor-web:build:     at loadPlugin (/Users/ketan/Documents/warmpawzecodev/node_modules/next/dist/build/webpack/config/blocks/css/plugins.js:49:32)
@warmpawz/vendor-web:build:     at /Users/ketan/Documents/warmpawzecodev/node_modules/next/dist/build/webpack/config/blocks/css/plugins.js:157:56
@warmpawz/vendor-web:build:     at Array.map (<anonymous>)
@warmpawz/vendor-web:build:     at getPostCssPlugins (/Users/ketan/Documents/warmpawzecodev/node_modules/next/dist/build/webpack/config/blocks/css/plugins.js:157:47)
@warmpawz/vendor-web:build:     at async /Users/ketan/Documents/warmpawzecodev/node_modules/next/dist/build/webpack/config/blocks/css/index.js:124:36
@warmpawz/vendor-web:build:     at async /Users/ketan/Documents/warmpawzecodev/node_modules/next/dist/build/webpack/loaders/postcss-loader/src/index.js:51:40
@warmpawz/vendor-web:build:     at async Span.traceAsyncFn (/Users/ketan/Documents/warmpawzecodev/node_modules/next/dist/trace/trace.js:154:20)
@warmpawz/vendor-web:build:     at tryRunOrWebpackError (/Users/ketan/Documents/warmpawzecodev/node_modules/next/dist/compiled/webpack/bundle5.js:28:312989)
@warmpawz/vendor-web:build:     at __webpack_require_module__ (/Users/ketan/Documents/warmpawzecodev/node_modules/next/dist/compiled/webpack/bundle5.js:28:131165)
@warmpawz/vendor-web:build:     at __nested_webpack_require_153728__ (/Users/ketan/Documents/warmpawzecodev/node_modules/next/dist/compiled/webpack/bundle5.js:28:130607)
@warmpawz/vendor-web:build:     at /Users/ketan/Documents/warmpawzecodev/node_modules/next/dist/compiled/webpack/bundle5.js:28:131454
@warmpawz/vendor-web:build:     at symbolIterator (/Users/ketan/Documents/warmpawzecodev/node_modules/next/dist/compiled/neo-async/async.js:1:14444)
@warmpawz/vendor-web:build:     at done (/Users/ketan/Documents/warmpawzecodev/node_modules/next/dist/compiled/neo-async/async.js:1:14824)
@warmpawz/vendor-web:build:     at Hook.eval [as callAsync] (eval at create (/Users/ketan/Documents/warmpawzecodev/node_modules/next/dist/compiled/webpack/bundle5.js:13:28858), <anonymous>:15:1)
@warmpawz/vendor-web:build:     at Hook.CALL_ASYNC_DELEGATE [as _callAsync] (/Users/ketan/Documents/warmpawzecodev/node_modules/next/dist/compiled/webpack/bundle5.js:13:26012)
@warmpawz/vendor-web:build:     at /Users/ketan/Documents/warmpawzecodev/node_modules/next/dist/compiled/webpack/bundle5.js:28:130328
@warmpawz/vendor-web:build:     at symbolIterator (/Users/ketan/Documents/warmpawzecodev/node_modules/next/dist/compiled/neo-async/async.js:1:14402)
@warmpawz/vendor-web:build: -- inner error --
@warmpawz/vendor-web:build: Error: Cannot find module 'tailwindcss'
@warmpawz/vendor-web:build: Require stack:
@warmpawz/vendor-web:build: - /Users/ketan/Documents/warmpawzecodev/node_modules/next/dist/build/webpack/config/blocks/css/plugins.js
@warmpawz/vendor-web:build: - /Users/ketan/Documents/warmpawzecodev/node_modules/next/dist/build/webpack/config/blocks/css/index.js
@warmpawz/vendor-web:build: - /Users/ketan/Documents/warmpawzecodev/node_modules/next/dist/build/webpack/config/index.js
@warmpawz/vendor-web:build: - /Users/ketan/Documents/warmpawzecodev/node_modules/next/dist/build/webpack-config.js
@warmpawz/vendor-web:build: - /Users/ketan/Documents/warmpawzecodev/node_modules/next/dist/build/webpack-build/impl.js
@warmpawz/vendor-web:build: - /Users/ketan/Documents/warmpawzecodev/node_modules/next/dist/compiled/jest-worker/processChild.js
@warmpawz/vendor-web:build:     at Module.<anonymous> (node:internal/modules/cjs/loader:1420:15)
@warmpawz/vendor-web:build:     at /Users/ketan/Documents/warmpawzecodev/node_modules/next/dist/server/require-hook.js:55:36
@warmpawz/vendor-web:build:     at require.resolve (node:internal/modules/helpers:163:19)
@warmpawz/vendor-web:build:     at loadPlugin (/Users/ketan/Documents/warmpawzecodev/node_modules/next/dist/build/webpack/config/blocks/css/plugins.js:49:32)
@warmpawz/vendor-web:build:     at /Users/ketan/Documents/warmpawzecodev/node_modules/next/dist/build/webpack/config/blocks/css/plugins.js:157:56
@warmpawz/vendor-web:build:     at Array.map (<anonymous>)
@warmpawz/vendor-web:build:     at getPostCssPlugins (/Users/ketan/Documents/warmpawzecodev/node_modules/next/dist/build/webpack/config/blocks/css/plugins.js:157:47)
@warmpawz/vendor-web:build:     at async /Users/ketan/Documents/warmpawzecodev/node_modules/next/dist/build/webpack/config/blocks/css/index.js:124:36
@warmpawz/vendor-web:build:     at async /Users/ketan/Documents/warmpawzecodev/node_modules/next/dist/build/webpack/loaders/postcss-loader/src/index.js:51:40
@warmpawz/vendor-web:build:     at async Span.traceAsyncFn (/Users/ketan/Documents/warmpawzecodev/node_modules/next/dist/trace/trace.js:154:20)
@warmpawz/vendor-web:build:     at Object.<anonymous> (/Users/ketan/Documents/warmpawzecodev/node_modules/next/dist/build/webpack/loaders/css-loader/src/index.js??ruleSet[1].rules[14].oneOf[12].use[2]!/Users/ketan/Documents/warmpawzecodev/node_modules/next/dist/build/webpack/loaders/postcss-loader/src/index.js??ruleSet[1].rules[14].oneOf[12].use[3]!/Users/ketan/Documents/warmpawzecodev/apps/vendor-web/app/globals.css:1:7)
@warmpawz/vendor-web:build:     at /Users/ketan/Documents/warmpawzecodev/node_modules/next/dist/compiled/webpack/bundle5.js:28:922493
@warmpawz/vendor-web:build:     at Hook.eval [as call] (eval at create (/Users/ketan/Documents/warmpawzecodev/node_modules/next/dist/compiled/webpack/bundle5.js:13:28636), <anonymous>:7:1)
@warmpawz/vendor-web:build:     at Hook.CALL_DELEGATE [as _call] (/Users/ketan/Documents/warmpawzecodev/node_modules/next/dist/compiled/webpack/bundle5.js:13:25906)
@warmpawz/vendor-web:build:     at /Users/ketan/Documents/warmpawzecodev/node_modules/next/dist/compiled/webpack/bundle5.js:28:131198
@warmpawz/vendor-web:build:     at tryRunOrWebpackError (/Users/ketan/Documents/warmpawzecodev/node_modules/next/dist/compiled/webpack/bundle5.js:28:312943)
@warmpawz/vendor-web:build:     at __webpack_require_module__ (/Users/ketan/Documents/warmpawzecodev/node_modules/next/dist/compiled/webpack/bundle5.js:28:131165)
@warmpawz/vendor-web:build:     at __nested_webpack_require_153728__ (/Users/ketan/Documents/warmpawzecodev/node_modules/next/dist/compiled/webpack/bundle5.js:28:130607)
@warmpawz/vendor-web:build:     at /Users/ketan/Documents/warmpawzecodev/node_modules/next/dist/compiled/webpack/bundle5.js:28:131454
@warmpawz/vendor-web:build:     at symbolIterator (/Users/ketan/Documents/warmpawzecodev/node_modules/next/dist/compiled/neo-async/async.js:1:14444)
@warmpawz/vendor-web:build: 
@warmpawz/vendor-web:build: Generated code for /Users/ketan/Documents/warmpawzecodev/node_modules/next/dist/build/webpack/loaders/css-loader/src/index.js??ruleSet[1].rules[14].oneOf[12].use[2]!/Users/ketan/Documents/warmpawzecodev/node_modules/next/dist/build/webpack/loaders/postcss-loader/src/index.js??ruleSet[1].rules[14].oneOf[12].use[3]!/Users/ketan/Documents/warmpawzecodev/apps/vendor-web/app/globals.css
@warmpawz/vendor-web:build: 
@warmpawz/vendor-web:build: Import trace for requested module:
@warmpawz/vendor-web:build: ./app/globals.css
@warmpawz/vendor-web:build: ./app/layout.tsx
@warmpawz/vendor-web:build: 
@warmpawz/vendor-web:build: 
@warmpawz/vendor-web:build: > Build failed because of webpack errors
@warmpawz/vendor-web:build: npm error Lifecycle script `build` failed with error:
@warmpawz/vendor-web:build: npm error code 1
@warmpawz/vendor-web:build: npm error path /Users/ketan/Documents/warmpawzecodev/apps/vendor-web
@warmpawz/vendor-web:build: npm error workspace @warmpawz/vendor-web@0.1.0
@warmpawz/vendor-web:build: npm error location /Users/ketan/Documents/warmpawzecodev/apps/vendor-web
@warmpawz/vendor-web:build: npm error command failed
@warmpawz/vendor-web:build: npm error command sh -c next build
@warmpawz/vendor-web:build: ERROR: command finished with error: command (/Users/ketan/Documents/warmpawzecodev/apps/vendor-web) /usr/local/bin/npm run build exited (1)
@warmpawz/vendor-web#build: command (/Users/ketan/Documents/warmpawzecodev/apps/vendor-web) /usr/local/bin/npm run build exited (1)

 Tasks:    0 successful, 3 total
Cached:    0 cached, 3 total
  Time:    12.508s 
Failed:    @warmpawz/vendor-web#build

 ERROR  run failed: command  exited (1)
