
> warmpawz-platform@1.0.0 build
> turbo run build

• turbo 2.7.2
• Packages in scope: @warmpawz/admin-web, @warmpawz/api-client, @warmpawz/config, @warmpawz/customer-web, @warmpawz/types, @warmpawz/ui, @warmpawz/vendor-web
• Running build in 7 packages
• Remote caching disabled
@warmpawz/admin-web:build: cache miss, executing cefeb4fe102a857f
@warmpawz/vendor-web:build: cache miss, executing 264a87addefa1a11
@warmpawz/customer-web:build: cache miss, executing e3ec13f459416a2b
@warmpawz/customer-web:build: 
@warmpawz/customer-web:build: > @warmpawz/customer-web@0.1.0 build
@warmpawz/customer-web:build: > next build
@warmpawz/customer-web:build: 
@warmpawz/vendor-web:build: 
@warmpawz/vendor-web:build: > @warmpawz/vendor-web@0.1.0 build
@warmpawz/vendor-web:build: > next build
@warmpawz/vendor-web:build: 
@warmpawz/admin-web:build: 
@warmpawz/admin-web:build: > @warmpawz/admin-web@0.1.0 build
@warmpawz/admin-web:build: > next build
@warmpawz/admin-web:build: 
@warmpawz/vendor-web:build:   ▲ Next.js 14.2.35
@warmpawz/vendor-web:build:   - Environments: .env.local
@warmpawz/vendor-web:build: 
@warmpawz/admin-web:build:   ▲ Next.js 14.2.35
@warmpawz/admin-web:build:   - Environments: .env.local
@warmpawz/admin-web:build: 
@warmpawz/customer-web:build:   ▲ Next.js 14.2.35
@warmpawz/customer-web:build:   - Environments: .env.local
@warmpawz/customer-web:build: 
@warmpawz/vendor-web:build:    Creating an optimized production build ...
@warmpawz/admin-web:build:    Creating an optimized production build ...
@warmpawz/customer-web:build:    Creating an optimized production build ...
@warmpawz/admin-web:build:  ✓ Compiled successfully
@warmpawz/admin-web:build:    Linting and checking validity of types ...
@warmpawz/customer-web:build:  ✓ Compiled successfully
@warmpawz/customer-web:build:    Linting and checking validity of types ...
@warmpawz/vendor-web:build:  ✓ Compiled successfully
@warmpawz/vendor-web:build:    Linting and checking validity of types ...
@warmpawz/vendor-web:build: Failed to compile.
@warmpawz/vendor-web:build: 
@warmpawz/vendor-web:build: ../../packages/api-client/http.ts:58:5
@warmpawz/vendor-web:build: Type error: Element implicitly has an 'any' type because expression of type '"Authorization"' can't be used to index type 'HeadersInit'.
@warmpawz/vendor-web:build:   Property 'Authorization' does not exist on type 'HeadersInit'.
@warmpawz/vendor-web:build: 
@warmpawz/vendor-web:build: [0m [90m 56 |[39m   [90m// Add authorization token if available[39m[0m
@warmpawz/vendor-web:build: [0m [90m 57 |[39m   [36mif[39m (token) {[0m
@warmpawz/vendor-web:build: [0m[31m[1m>[22m[39m[90m 58 |[39m     headers[[32m'Authorization'[39m] [33m=[39m [32m`Bearer ${token}`[39m[33m;[39m[0m
@warmpawz/vendor-web:build: [0m [90m    |[39m     [31m[1m^[22m[39m[0m
@warmpawz/vendor-web:build: [0m [90m 59 |[39m   }[0m
@warmpawz/vendor-web:build: [0m [90m 60 |[39m   [0m
@warmpawz/vendor-web:build: [0m [90m 61 |[39m   [36mtry[39m {[0m
@warmpawz/vendor-web:build: Next.js build worker exited with code: 1 and signal: null
@warmpawz/vendor-web:build: npm error Lifecycle script `build` failed with error:
@warmpawz/vendor-web:build: npm error code 1
@warmpawz/vendor-web:build: npm error path /Users/ketan/Documents/warmpawzecodev/apps/vendor-web
@warmpawz/vendor-web:build: npm error workspace @warmpawz/vendor-web@0.1.0
@warmpawz/vendor-web:build: npm error location /Users/ketan/Documents/warmpawzecodev/apps/vendor-web
@warmpawz/vendor-web:build: npm error command failed
@warmpawz/vendor-web:build: npm error command sh -c next build
@warmpawz/vendor-web:build: ERROR: command finished with error: command (/Users/ketan/Documents/warmpawzecodev/apps/vendor-web) /usr/local/bin/npm run build exited (1)
@warmpawz/vendor-web#build: command (/Users/ketan/Documents/warmpawzecodev/apps/vendor-web) /usr/local/bin/npm run build exited (1)

 Tasks:    0 successful, 3 total
Cached:    0 cached, 3 total
  Time:    11.169s 
Failed:    @warmpawz/vendor-web#build

 ERROR  run failed: command  exited (1)
