
> @warmpawz/vendor-web@0.1.0 build
> next build

  ▲ Next.js 14.2.35
  - Environments: .env.local

   Creating an optimized production build ...
 ✓ Compiled successfully
   Linting and checking validity of types ...
Failed to compile.

./components/vendor/VendorDashboard.tsx:301:7
Type error: Cannot find name 'PerformanceMonitor'. Did you mean 'PerformanceEntry'?

[0m [90m 299 |[39m[0m
[0m [90m 300 |[39m       [90m// ✅ PERFORMANCE: Start tracking dashboard load time[39m[0m
[0m[31m[1m>[22m[39m[90m 301 |[39m       [33mPerformanceMonitor[39m[33m.[39mmarkStart([32m'dashboard-load'[39m)[33m;[39m[0m
[0m [90m     |[39m       [31m[1m^[22m[39m[0m
[0m [90m 302 |[39m[0m
[0m [90m 303 |[39m       [90m// Prepare all fetch promises based on capabilities[39m[0m
[0m [90m 304 |[39m       [36mconst[39m today [33m=[39m [36mnew[39m [33mDate[39m()[33m.[39mtoISOString()[33m.[39msplit([32m'T'[39m)[[35m0[39m][33m;[39m[0m
Next.js build worker exited with code: 1 and signal: null
npm error Lifecycle script `build` failed with error:
npm error code 1
npm error path /Users/ketan/Documents/warmpawzecodev/apps/vendor-web
npm error workspace @warmpawz/vendor-web@0.1.0
npm error location /Users/ketan/Documents/warmpawzecodev/apps/vendor-web
npm error command failed
npm error command sh -c next build
