
> @warmpawz/customer-web@0.1.0 build
> next build

  ▲ Next.js 14.2.35
  - Environments: .env.local

   Creating an optimized production build ...
 ✓ Compiled successfully
   Linting and checking validity of types ...
   Collecting page data ...
   Generating static pages (0/6) ...
   Generating static pages (1/6) 
   Generating static pages (2/6) 
   Generating static pages (4/6) 
 ✓ Generating static pages (6/6)
   Finalizing page optimization ...
   Collecting build traces ...

Route (app)                              Size     First Load JS
┌ ○ /                                    138 B          87.4 kB
├ ○ /_not-found                          873 B          88.2 kB
├ ○ /home                                35.9 kB         167 kB
└ ○ /login                               10 kB           141 kB
+ First Load JS shared by all            87.3 kB
  ├ chunks/1dd3208c-6f7ebe6eb3d86685.js  53.6 kB
  ├ chunks/528-baf9ecad175b5288.js       31.7 kB
  └ other shared chunks (total)          1.96 kB


ƒ Middleware                             35 kB

○  (Static)  prerendered as static content

